// Jest Snapshot v1, https://goo.gl/fbAQLP

exports[`ArticleList tests renders correctly with two articles 1`] = `
<div>
  <div
    class="listContainer"
  >
    <ul>
      <li
        class="item"
      >
        <article
          class="article"
        >
          <div
            class="wrapper"
          >
            <img
              alt="The Statue of Liberty's torch heads to new museum"
              class="img"
              src="https://cdn.cnn.com/cnnnext/dam/assets/181122102925-statue-of-liberty-crown-super-169.jpg"
            />
            <a
              class="title"
              href="/articlelist/181122102925-statue-of-liberty-crown"
            >
              <h2
                class="title"
              >
                The Statue of Liberty's torch heads to new museum
              </h2>
            </a>
          </div>
          <button
            class="button"
          >
            Show More
          </button>
        </article>
      </li>
      <li
        class="item"
      >
        <article
          class="article"
        >
          <div
            class="wrapper"
          >
            <img
              alt="You can take a pie on a plane"
              class="img"
              src="https://cdn.cnn.com/cnnnext/dam/assets/170321135754-airport-security-line-file-super-169.jpg"
            />
            <a
              class="title"
              href="/articlelist/170321135754-airport-security-line"
            >
              <h2
                class="title"
              >
                You can take a pie on a plane
              </h2>
            </a>
          </div>
          <button
            class="button"
          >
            Show More
          </button>
        </article>
      </li>
    </ul>
  </div>
</div>
`;
